// Jest Snapshot v1, https://goo.gl/fbAQLP

exports[`tests the App component 1`] = `<div />`;
